---
source: varnish-macros/src/tests.rs
---
struct vmod_obj2_Obj1;

struct vmod_obj2_Obj2;

struct vmod_obj2_Obj3;

struct vmod_obj2_Obj4;

struct arg_vmod_obj2_Obj1__init {
  struct vmod_priv * __vp;
  char valid_val;
  VCL_INT val;
};

typedef VCL_VOID td_vmod_obj2_Obj1__init(
    VRT_CTX,
    struct vmod_obj2_Obj1 **,
    const char *,
    struct arg_vmod_obj2_Obj1__init *
);

typedef VCL_VOID td_vmod_obj2_Obj1__fini(
    struct vmod_obj2_Obj1 **
);

typedef VCL_VOID td_vmod_obj2_Obj2__init(
    VRT_CTX,
    struct vmod_obj2_Obj2 **,
    const char *,
    struct vmod_priv *,
    VCL_INT
);

typedef VCL_VOID td_vmod_obj2_Obj2__fini(
    struct vmod_obj2_Obj2 **
);

struct arg_vmod_obj2_Obj3__init {
  struct vmod_priv * __vp;
  char valid_val;
  VCL_INT val;
};

typedef VCL_VOID td_vmod_obj2_Obj3__init(
    VRT_CTX,
    struct vmod_obj2_Obj3 **,
    const char *,
    struct arg_vmod_obj2_Obj3__init *
);

typedef VCL_VOID td_vmod_obj2_Obj3__fini(
    struct vmod_obj2_Obj3 **
);

typedef VCL_VOID td_vmod_obj2_Obj4__init(
    VRT_CTX,
    struct vmod_obj2_Obj4 **,
    const char *,
    struct vmod_priv *,
    VCL_INT
);

typedef VCL_VOID td_vmod_obj2_Obj4__fini(
    struct vmod_obj2_Obj4 **
);

struct Vmod_obj2_Func {
  td_vmod_obj2_Obj1__init *f_Obj1__init;
  td_vmod_obj2_Obj1__fini *f_Obj1__fini;
  td_vmod_obj2_Obj2__init *f_Obj2__init;
  td_vmod_obj2_Obj2__fini *f_Obj2__fini;
  td_vmod_obj2_Obj3__init *f_Obj3__init;
  td_vmod_obj2_Obj3__fini *f_Obj3__fini;
  td_vmod_obj2_Obj4__init *f_Obj4__init;
  td_vmod_obj2_Obj4__fini *f_Obj4__fini;
};

static struct Vmod_obj2_Func Vmod_obj2_Func;
