---
source: varnish-macros/src/tests.rs
---
struct vmod_obj_kv1;

struct vmod_obj_kv2;

struct vmod_obj_kv3;

struct arg_vmod_obj_kv1__init {
  char valid_cap;
  VCL_INT cap;
};

typedef VCL_VOID td_vmod_obj_kv1__init(
    VRT_CTX,
    struct vmod_obj_kv1 **,
    const char *,
    struct arg_vmod_obj_kv1__init *
);

typedef VCL_VOID td_vmod_obj_kv1__fini(
    struct vmod_obj_kv1 **
);

typedef VCL_VOID td_vmod_obj_kv1_set(
    VRT_CTX,
    struct vmod_obj_kv1 *,
    VCL_STRING,
    VCL_STRING
);

typedef VCL_STRING td_vmod_obj_kv1_get(
    VRT_CTX,
    struct vmod_obj_kv1 *,
    VCL_STRING
);

struct arg_vmod_obj_kv2__init {
  char valid_cap;
  VCL_INT cap;
};

typedef VCL_VOID td_vmod_obj_kv2__init(
    VRT_CTX,
    struct vmod_obj_kv2 **,
    const char *,
    struct arg_vmod_obj_kv2__init *
);

typedef VCL_VOID td_vmod_obj_kv2__fini(
    struct vmod_obj_kv2 **
);

struct arg_vmod_obj_kv2_set {
  VCL_STRING key;
  char valid_value;
  VCL_STRING value;
};

typedef VCL_VOID td_vmod_obj_kv2_set(
    VRT_CTX,
    struct vmod_obj_kv2 *,
    struct arg_vmod_obj_kv2_set *
);

struct arg_vmod_obj_kv3__init {
  char valid_cap;
  VCL_INT cap;
};

typedef VCL_VOID td_vmod_obj_kv3__init(
    VRT_CTX,
    struct vmod_obj_kv3 **,
    const char *,
    struct arg_vmod_obj_kv3__init *
);

typedef VCL_VOID td_vmod_obj_kv3__fini(
    struct vmod_obj_kv3 **
);

struct arg_vmod_obj_kv3_set {
  VCL_STRING key;
  char valid_value;
  VCL_STRING value;
};

typedef VCL_VOID td_vmod_obj_kv3_set(
    VRT_CTX,
    struct vmod_obj_kv3 *,
    struct arg_vmod_obj_kv3_set *
);

struct Vmod_obj_Func {
  td_vmod_obj_kv1__init *f_kv1__init;
  td_vmod_obj_kv1__fini *f_kv1__fini;
  td_vmod_obj_kv1_set *f_kv1_set;
  td_vmod_obj_kv1_get *f_kv1_get;
  td_vmod_obj_kv2__init *f_kv2__init;
  td_vmod_obj_kv2__fini *f_kv2__fini;
  td_vmod_obj_kv2_set *f_kv2_set;
  td_vmod_obj_kv3__init *f_kv3__init;
  td_vmod_obj_kv3__fini *f_kv3__fini;
  td_vmod_obj_kv3_set *f_kv3_set;
};

static struct Vmod_obj_Func Vmod_obj_Func;
