---
source: varnish-macros/src/tests.rs
---
struct vmod_types_DocStruct;

typedef VCL_VOID td_vmod_types_with_docs(
    VRT_CTX
);

typedef VCL_VOID td_vmod_types_no_docs(
    VRT_CTX
);

typedef VCL_VOID td_vmod_types_doctest(
    VRT_CTX,
    VCL_INT,
    VCL_INT
);

typedef VCL_VOID td_vmod_types_arg_only(
    VRT_CTX,
    VCL_INT
);

struct arg_vmod_types_DocStruct__init {
  char valid_cap;
  VCL_INT cap;
};

typedef VCL_VOID td_vmod_types_DocStruct__init(
    VRT_CTX,
    struct vmod_types_DocStruct **,
    const char *,
    struct arg_vmod_types_DocStruct__init *
);

typedef VCL_VOID td_vmod_types_DocStruct__fini(
    struct vmod_types_DocStruct **
);

typedef VCL_VOID td_vmod_types_DocStruct_function(
    VRT_CTX,
    struct vmod_types_DocStruct *,
    VCL_STRING
);

struct Vmod_types_Func {
  td_vmod_types_with_docs *f_with_docs;
  td_vmod_types_no_docs *f_no_docs;
  td_vmod_types_doctest *f_doctest;
  td_vmod_types_arg_only *f_arg_only;
  td_vmod_types_DocStruct__init *f_DocStruct__init;
  td_vmod_types_DocStruct__fini *f_DocStruct__fini;
  td_vmod_types_DocStruct_function *f_DocStruct_function;
};

static struct Vmod_types_Func Vmod_types_Func;
