---
source: varnish-macros/src/tests.rs
---
struct Vmod_event_Func {
  vmod_event_f *f_on_event;
};

static struct Vmod_event_Func Vmod_event_Func;
