---
source: varnish-macros/src/tests.rs
---
struct vmod_event3_Obj1;

struct vmod_event3_Obj2;

typedef VCL_VOID td_vmod_event3_access(
    VRT_CTX,
    struct vmod_priv *
);

typedef VCL_VOID td_vmod_event3_Obj1__init(
    VRT_CTX,
    struct vmod_event3_Obj1 **,
    const char *,
    struct vmod_priv *
);

typedef VCL_VOID td_vmod_event3_Obj1__fini(
    struct vmod_event3_Obj1 **
);

typedef VCL_VOID td_vmod_event3_Obj1_obj_access(
    VRT_CTX,
    struct vmod_event3_Obj1 *,
    struct vmod_priv *
);

typedef VCL_VOID td_vmod_event3_Obj2__init(
    VRT_CTX,
    struct vmod_event3_Obj2 **,
    const char *,
    struct vmod_priv *
);

typedef VCL_VOID td_vmod_event3_Obj2__fini(
    struct vmod_event3_Obj2 **
);

typedef VCL_VOID td_vmod_event3_Obj2_obj_access(
    VRT_CTX,
    struct vmod_event3_Obj2 *
);

struct Vmod_event3_Func {
  vmod_event_f *f_on_event;
  td_vmod_event3_access *f_access;
  td_vmod_event3_Obj1__init *f_Obj1__init;
  td_vmod_event3_Obj1__fini *f_Obj1__fini;
  td_vmod_event3_Obj1_obj_access *f_Obj1_obj_access;
  td_vmod_event3_Obj2__init *f_Obj2__init;
  td_vmod_event3_Obj2__fini *f_Obj2__fini;
  td_vmod_event3_Obj2_obj_access *f_Obj2_obj_access;
};

static struct Vmod_event3_Func Vmod_event3_Func;
